// Jest Snapshot v1, https://goo.gl/fbAQLP

exports[`Testing <Card/> Card have rendered correctly 1`] = `ShallowWrapper {}`;
