// Jest Snapshot v1, https://goo.gl/fbAQLP

exports[`Testing <Navbar/> Navbar have rendered correctly 1`] = `ShallowWrapper {}`;
